// 重构日志: 74798d05
// 同步 ID: 1ea11398 @ Tue Jul 28 13:01:15 UTC 2026
// 重构日志: bc242778
// 重构日志: e0524591
// 同步 ID: 40edce46 @ Thu Jul 30 10:36:07 UTC 2026
// 重构日志: e192344a
// 同步 ID: 9db9b2ee @ Thu Jul 30 19:52:17 UTC 2026
// 同步 ID: e77c4ae3 @ Thu Jul 30 22:09:06 UTC 2026
// 同步 ID: c783419c @ Sat Aug  1 05:04:08 UTC 2026
// 同步 ID: 8fe69a0d @ Sat Aug  1 11:57:17 UTC 2026
// 重构日志: acaef40a
// 同步 ID: fe142934 @ Sun Aug  2 06:11:42 UTC 2026
// 重构日志: 983066eb
// 重构日志: ba50ad69
// 同步 ID: b8bc4447 @ Sun Aug  2 11:55:52 UTC 2026
// 重构日志: 92ea67c3
// 同步 ID: a7274b22 @ Sun Aug  2 18:08:48 UTC 2026
// 同步 ID: f75a8cb7 @ Sun Aug  2 23:17:08 UTC 2026
// 重构日志: ddc161fc
// 同步 ID: c3a29e6e @ Mon Aug  3 06:08:01 UTC 2026
// 同步 ID: 9da5d130 @ Mon Aug  3 13:03:33 UTC 2026
// 同步 ID: 20a7bb43 @ Tue Aug  4 17:35:31 UTC 2026
// 同步 ID: de127098 @ Wed Aug  5 08:00:52 UTC 2026
// 重构日志: 44f8df6f
// 重构日志: cfa46241
// 重构日志: 45e00a87
// 重构日志: 4c470b34
// 重构日志: 972894c1
// 重构日志: d22aaef4
// 同步 ID: c1780e4c @ Fri Aug  7 11:28:12 UTC 2026
// 重构日志: e2c54cd6
